Podcast IDs: ['4EwwdoHHYmbt49UXODQMpi', '2pXBpdfJoAo2iNz5G25nCP', '4n2SYRzAXUKDFccZ993ZEh', '6z2cewLloFTYiBrY84rM7z', '54Vnd9qwrTaINwzCkTTIWO', '6AgJw75jtnt2X5o7jxX7m0', '7h45VNT5C5NdbgqEegq5YI', '12CqPzHZXXX0nrkuwX9dNE', '3iM6J3KDbrzqcuWfUw0LLk', '5dbvpKwtqz3X3hcX1BSEzf', '47cbCjksqpZfbMqc9HrI0p', '0cLJl7pvrr1bkUaKiVRggf', '0FTwiCMKTwCTmySy4u2X3j']
Playlist ID: 2C9mOayNI4OD4i2DamNsbm
🎧 Podcast: Las noticias de la SER | Episodio más reciente: Las noticias de la SER, 08:00 (07/10/2026)
🎧 Podcast: AM | Episodio más reciente: ‘Adiós a Waterloo’ AM 7 de octubreo 7:30am
🎧 Podcast: Hoy en EL PAÍS | Episodio más reciente: ¿Puede volver Puigdemont a España?
🎧 Podcast: EL MUNDO al día | Episodio más reciente: Puigdemont: el regreso del hijo prófugo del independentismo
🎧 Podcast: Un tema Al día | Episodio más reciente: Operación Diputación Permanente: elecciones por aquí, decretos por allá
🎧 Podcast: Flash Deportes | Episodio más reciente: Flash Deportes | 23.00
🎧 Podcast: Esta no te la sabes | Episodio más reciente: ¿Sabías que el primer paseo espacial estuvo a punto de acabar en tragedia?
🎧 Podcast: DESPIERTA TU CURIOSIDAD | Episodio más reciente: Quién levantó una isla artificial en Escocia hace 5.000 años
🎧 Podcast: ¿Qué pasa, Barroso? | Episodio más reciente: TRUMP SIGUE SOLO. PIDE ARRESTAR A LOS PERIODISTAS QUE LO DIGAN. HAY VÍDEO.
⚠️ No se encontró un episodio válido con limit=1. Intentando con limit=2...
⚠️ No se encontró un episodio válido con limit=2. Intentando con limit=3...
🎧 Podcast: No es el fin del mundo | Episodio más reciente: 308. ¿Cómo regulamos a las grandes tecnológicas? 
🎧 Podcast: Noticias Paralelas | Episodio más reciente: 30 años del primer smartphone | Noticias Paralelas
🎧 Podcast: Las Noticias de ABC | Episodio más reciente: El número tres de Vivienda y amigo íntimo de Sánchez se gastó 100.000 euros en viajes desde 2024
🎧 Podcast: La Primera de Expansión | Episodio más reciente: Telefónica, Indra, récord bursátil, Iberdrola, Kirin, SpaceX y Ormuz
🚫 Eliminando episodios anteriores de la playlist...
🔄 Añadiendo episodios a la playlist...
✅ Respuesta del API: {'snapshot_id': 'AAAT9qInMSRKnFJmli1i5WKc2wMrZW7L'}
